

================================================================
== Vivado HLS Report for 'cordic_sqrt'
================================================================
* Date:           Tue Dec  2 14:36:11 2014

* Version:        2013.2 (build date: Thu Jun 13 16:07:59 PM 2013)
* Project:        hls.prj
* Solution:       solution2
* Product family: zynq zynq_fpv6 
* Target device:  xc7z020clg484-1


================================================================
== Performance Estimates
================================================================
+ Timing (ns): 
    * Summary: 
    +---------+-------+----------+------------+
    |  Clock  | Target| Estimated| Uncertainty|
    +---------+-------+----------+------------+
    |default  |  10.00|      7.45|        1.25|
    +---------+-------+----------+------------+

+ Latency (clock cycles): 
    * Summary: 
    +-----+-----+-----+-----+----------+
    |  Latency  |  Interval | Pipeline |
    | min | max | min | max |   Type   |
    +-----+-----+-----+-----+----------+
    |   35|   35|    1|    1| function |
    +-----+-----+-----+-----+----------+

    + Detail: 
        * Instance: 
        N/A

        * Loop: 
        N/A



================================================================
== Utilization Estimates
================================================================
* Summary: 
+-----------------+---------+-------+--------+-------+
|       Name      | BRAM_18K| DSP48E|   FF   |  LUT  |
+-----------------+---------+-------+--------+-------+
|Expression       |        -|      -|       0|   8418|
|FIFO             |        -|      -|       -|      -|
|Instance         |        -|      2|       0|      0|
|Memory           |        -|      -|       -|      -|
|Multiplexer      |        -|      -|       -|      -|
|Register         |        -|      -|    2112|      -|
|ShiftMemory      |        -|      -|       -|      -|
+-----------------+---------+-------+--------+-------+
|Total            |        0|      2|    2112|   8418|
+-----------------+---------+-------+--------+-------+
|Available        |      280|    220|  106400|  53200|
+-----------------+---------+-------+--------+-------+
|Utilization (%)  |        0|   ~0  |       1|     15|
+-----------------+---------+-------+--------+-------+

+ Detail: 
    * Instance: 
    +-------------------------------+---------------------------+---------+-------+---+----+
    |            Instance           |           Module          | BRAM_18K| DSP48E| FF| LUT|
    +-------------------------------+---------------------------+---------+-------+---+----+
    |combine_mul_32s_20ns_52_3_U16  |combine_mul_32s_20ns_52_3  |        0|      2|  0|   0|
    +-------------------------------+---------------------------+---------+-------+---+----+
    |Total                          |                           |        0|      2|  0|   0|
    +-------------------------------+---------------------------+---------+-------+---+----+

    * Memory: 
    N/A

    * FIFO: 
    N/A

    * Shift register: 
    N/A

    * Expression: 
    +--------------------+----------+-------+---+----+------------+------------+
    |    Variable Name   | Operation| DSP48E| FF| LUT| Bitwidth P0| Bitwidth P1|
    +--------------------+----------+-------+---+----+------------+------------+
    |r_V_100_fu_2758_p2  |     +    |      0|  0|  52|          52|          52|
    |r_V_104_fu_2848_p2  |     +    |      0|  0|  52|          52|          52|
    |r_V_108_fu_2938_p2  |     +    |      0|  0|  52|          52|          52|
    |r_V_112_fu_3028_p2  |     +    |      0|  0|  52|          52|          52|
    |r_V_116_fu_3118_p2  |     +    |      0|  0|  52|          52|          52|
    |r_V_120_fu_3208_p2  |     +    |      0|  0|  52|          52|          52|
    |r_V_124_fu_3288_p2  |     +    |      0|  0|  52|          52|          52|
    |r_V_12_fu_497_p2    |     +    |      0|  0|  52|          52|          52|
    |r_V_16_fu_603_p2    |     +    |      0|  0|  52|          52|          52|
    |r_V_20_fu_709_p2    |     +    |      0|  0|  52|          52|          52|
    |r_V_24_fu_815_p2    |     +    |      0|  0|  52|          52|          52|
    |r_V_28_fu_921_p2    |     +    |      0|  0|  52|          52|          52|
    |r_V_32_fu_1027_p2   |     +    |      0|  0|  52|          52|          52|
    |r_V_36_fu_1133_p2   |     +    |      0|  0|  52|          52|          52|
    |r_V_40_fu_1239_p2   |     +    |      0|  0|  52|          52|          52|
    |r_V_44_fu_1345_p2   |     +    |      0|  0|  52|          52|          52|
    |r_V_48_fu_1451_p2   |     +    |      0|  0|  52|          52|          52|
    |r_V_4_fu_289_p2     |     +    |      0|  0|  52|          52|          52|
    |r_V_52_fu_1557_p2   |     +    |      0|  0|  52|          52|          52|
    |r_V_56_fu_1663_p2   |     +    |      0|  0|  52|          52|          52|
    |r_V_60_fu_1769_p2   |     +    |      0|  0|  52|          52|          52|
    |r_V_64_fu_1875_p2   |     +    |      0|  0|  52|          52|          52|
    |r_V_68_fu_1981_p2   |     +    |      0|  0|  52|          52|          52|
    |r_V_72_fu_2087_p2   |     +    |      0|  0|  52|          52|          52|
    |r_V_76_fu_2193_p2   |     +    |      0|  0|  52|          52|          52|
    |r_V_80_fu_2309_p2   |     +    |      0|  0|  52|          52|          52|
    |r_V_84_fu_2398_p2   |     +    |      0|  0|  52|          52|          52|
    |r_V_88_fu_2488_p2   |     +    |      0|  0|  52|          52|          52|
    |r_V_8_fu_391_p2     |     +    |      0|  0|  52|          52|          52|
    |r_V_92_fu_2578_p2   |     +    |      0|  0|  52|          52|          52|
    |r_V_96_fu_2668_p2   |     +    |      0|  0|  52|          52|          52|
    |mf10_fu_685_p2      |     -    |      0|  0|  49|           1|          49|
    |mf11_fu_750_p2      |     -    |      0|  0|  47|           1|          47|
    |mf12_fu_791_p2      |     -    |      0|  0|  48|           1|          48|
    |mf13_fu_856_p2      |     -    |      0|  0|  46|           1|          46|
    |mf14_fu_897_p2      |     -    |      0|  0|  47|           1|          47|
    |mf15_fu_962_p2      |     -    |      0|  0|  45|           1|          45|
    |mf16_fu_1003_p2     |     -    |      0|  0|  46|           1|          46|
    |mf17_fu_1068_p2     |     -    |      0|  0|  44|           1|          44|
    |mf18_fu_1109_p2     |     -    |      0|  0|  45|           1|          45|
    |mf19_fu_1174_p2     |     -    |      0|  0|  43|           1|          43|
    |mf1_fu_644_p2       |     -    |      0|  0|  48|           1|          48|
    |mf20_fu_1215_p2     |     -    |      0|  0|  44|           1|          44|
    |mf21_fu_1280_p2     |     -    |      0|  0|  42|           1|          42|
    |mf22_fu_1321_p2     |     -    |      0|  0|  43|           1|          43|
    |mf23_fu_1386_p2     |     -    |      0|  0|  41|           1|          41|
    |mf24_fu_1427_p2     |     -    |      0|  0|  42|           1|          42|
    |mf25_fu_1492_p2     |     -    |      0|  0|  40|           1|          40|
    |mf26_fu_1533_p2     |     -    |      0|  0|  41|           1|          41|
    |mf27_fu_1598_p2     |     -    |      0|  0|  39|           1|          39|
    |mf28_fu_1639_p2     |     -    |      0|  0|  40|           1|          40|
    |mf29_fu_1704_p2     |     -    |      0|  0|  38|           1|          38|
    |mf2_fu_250_p2       |     -    |      0|  0|  52|           1|          52|
    |mf30_fu_1745_p2     |     -    |      0|  0|  39|           1|          39|
    |mf31_fu_1810_p2     |     -    |      0|  0|  37|           1|          37|
    |mf32_fu_1851_p2     |     -    |      0|  0|  38|           1|          38|
    |mf33_fu_1916_p2     |     -    |      0|  0|  36|           1|          36|
    |mf34_fu_1957_p2     |     -    |      0|  0|  37|           1|          37|
    |mf35_fu_2022_p2     |     -    |      0|  0|  35|           1|          35|
    |mf36_fu_2063_p2     |     -    |      0|  0|  36|           1|          36|
    |mf37_fu_2128_p2     |     -    |      0|  0|  34|           1|          34|
    |mf38_fu_2169_p2     |     -    |      0|  0|  35|           1|          35|
    |mf39_fu_2234_p2     |     -    |      0|  0|  33|           1|          33|
    |mf3_fu_276_p2       |     -    |      0|  0|  52|           1|          52|
    |mf40_fu_2285_p2     |     -    |      0|  0|  34|           1|          34|
    |mf41_fu_2333_p2     |     -    |      0|  0|  32|           1|          32|
    |mf42_fu_2374_p2     |     -    |      0|  0|  33|           1|          33|
    |mf43_fu_2422_p2     |     -    |      0|  0|  32|           1|          32|
    |mf44_fu_2464_p2     |     -    |      0|  0|  33|           1|          33|
    |mf45_fu_2512_p2     |     -    |      0|  0|  32|           1|          32|
    |mf46_fu_2554_p2     |     -    |      0|  0|  33|           1|          33|
    |mf47_fu_2602_p2     |     -    |      0|  0|  32|           1|          32|
    |mf48_fu_2644_p2     |     -    |      0|  0|  33|           1|          33|
    |mf49_fu_2692_p2     |     -    |      0|  0|  32|           1|          32|
    |mf4_fu_330_p2       |     -    |      0|  0|  51|           1|          51|
    |mf50_fu_2734_p2     |     -    |      0|  0|  33|           1|          33|
    |mf51_fu_2782_p2     |     -    |      0|  0|  32|           1|          32|
    |mf52_fu_2824_p2     |     -    |      0|  0|  33|           1|          33|
    |mf53_fu_2872_p2     |     -    |      0|  0|  32|           1|          32|
    |mf54_fu_2914_p2     |     -    |      0|  0|  33|           1|          33|
    |mf55_fu_2962_p2     |     -    |      0|  0|  32|           1|          32|
    |mf56_fu_3004_p2     |     -    |      0|  0|  33|           1|          33|
    |mf57_fu_3052_p2     |     -    |      0|  0|  32|           1|          32|
    |mf58_fu_3094_p2     |     -    |      0|  0|  33|           1|          33|
    |mf59_fu_3142_p2     |     -    |      0|  0|  32|           1|          32|
    |mf5_fu_371_p2       |     -    |      0|  0|  52|           1|          52|
    |mf60_fu_3184_p2     |     -    |      0|  0|  33|           1|          33|
    |mf61_fu_3232_p2     |     -    |      0|  0|  32|           1|          32|
    |mf62_fu_3264_p2     |     -    |      0|  0|  33|           1|          33|
    |mf63_fu_3322_p2     |     -    |      0|  0|  32|           1|          32|
    |mf6_fu_432_p2       |     -    |      0|  0|  50|           1|          50|
    |mf7_fu_473_p2       |     -    |      0|  0|  51|           1|          51|
    |mf8_fu_538_p2       |     -    |      0|  0|  49|           1|          49|
    |mf9_fu_579_p2       |     -    |      0|  0|  50|           1|          50|
    |mf_fu_201_p2        |     -    |      0|  0|  52|           1|          52|
    |mt1_fu_179_p2       |     -    |      0|  0|  53|           1|          53|
    |r_V_102_fu_2805_p2  |     -    |      0|  0|  52|          52|          52|
    |r_V_106_fu_2895_p2  |     -    |      0|  0|  52|          52|          52|
    |r_V_10_fu_456_p2    |     -    |      0|  0|  52|          52|          52|
    |r_V_110_fu_2985_p2  |     -    |      0|  0|  52|          52|          52|
    |r_V_114_fu_3075_p2  |     -    |      0|  0|  52|          52|          52|
    |r_V_118_fu_3165_p2  |     -    |      0|  0|  52|          52|          52|
    |r_V_122_fu_3255_p2  |     -    |      0|  0|  52|          52|          52|
    |r_V_126_fu_3345_p2  |     -    |      0|  0|  52|          52|          52|
    |r_V_14_fu_562_p2    |     -    |      0|  0|  52|          52|          52|
    |r_V_18_fu_668_p2    |     -    |      0|  0|  52|          52|          52|
    |r_V_22_fu_774_p2    |     -    |      0|  0|  52|          52|          52|
    |r_V_26_fu_880_p2    |     -    |      0|  0|  52|          52|          52|
    |r_V_2_fu_270_p2     |     -    |      0|  0|  52|          52|          52|
    |r_V_30_fu_986_p2    |     -    |      0|  0|  52|          52|          52|
    |r_V_34_fu_1092_p2   |     -    |      0|  0|  52|          52|          52|
    |r_V_38_fu_1198_p2   |     -    |      0|  0|  52|          52|          52|
    |r_V_42_fu_1304_p2   |     -    |      0|  0|  52|          52|          52|
    |r_V_46_fu_1410_p2   |     -    |      0|  0|  52|          52|          52|
    |r_V_50_fu_1516_p2   |     -    |      0|  0|  52|          52|          52|
    |r_V_54_fu_1622_p2   |     -    |      0|  0|  52|          52|          52|
    |r_V_58_fu_1728_p2   |     -    |      0|  0|  52|          52|          52|
    |r_V_62_fu_1834_p2   |     -    |      0|  0|  52|          52|          52|
    |r_V_66_fu_1940_p2   |     -    |      0|  0|  52|          52|          52|
    |r_V_6_fu_354_p2     |     -    |      0|  0|  52|          52|          52|
    |r_V_70_fu_2046_p2   |     -    |      0|  0|  52|          52|          52|
    |r_V_74_fu_2152_p2   |     -    |      0|  0|  52|          52|          52|
    |r_V_78_fu_2258_p2   |     -    |      0|  0|  52|          52|          52|
    |r_V_82_fu_2355_p2   |     -    |      0|  0|  52|          52|          52|
    |r_V_86_fu_2445_p2   |     -    |      0|  0|  52|          52|          52|
    |r_V_90_fu_2535_p2   |     -    |      0|  0|  52|          52|          52|
    |r_V_94_fu_2625_p2   |     -    |      0|  0|  52|          52|          52|
    |r_V_98_fu_2715_p2   |     -    |      0|  0|  52|          52|          52|
    |r_V_101_fu_2787_p3  |  Select  |      0|  0|  32|           1|           1|
    |r_V_103_fu_2830_p3  |  Select  |      0|  0|  33|           1|           1|
    |r_V_105_fu_2877_p3  |  Select  |      0|  0|  32|           1|           1|
    |r_V_107_fu_2920_p3  |  Select  |      0|  0|  33|           1|           1|
    |r_V_109_fu_2967_p3  |  Select  |      0|  0|  32|           1|           1|
    |r_V_111_fu_3010_p3  |  Select  |      0|  0|  33|           1|           1|
    |r_V_113_fu_3057_p3  |  Select  |      0|  0|  32|           1|           1|
    |r_V_115_fu_3100_p3  |  Select  |      0|  0|  33|           1|           1|
    |r_V_117_fu_3147_p3  |  Select  |      0|  0|  32|           1|           1|
    |r_V_119_fu_3190_p3  |  Select  |      0|  0|  33|           1|           1|
    |r_V_11_fu_479_p3    |  Select  |      0|  0|  51|           1|          51|
    |r_V_121_fu_3237_p3  |  Select  |      0|  0|  32|           1|           1|
    |r_V_123_fu_3270_p3  |  Select  |      0|  0|  33|           1|           1|
    |r_V_125_fu_3327_p3  |  Select  |      0|  0|  32|           1|           1|
    |r_V_13_fu_544_p3    |  Select  |      0|  0|  49|           1|          49|
    |r_V_15_fu_585_p3    |  Select  |      0|  0|  50|           1|          50|
    |r_V_17_fu_650_p3    |  Select  |      0|  0|  48|           1|          48|
    |r_V_19_fu_691_p3    |  Select  |      0|  0|  49|           1|          49|
    |r_V_1_fu_256_p3     |  Select  |      0|  0|  52|           1|          52|
    |r_V_21_fu_756_p3    |  Select  |      0|  0|  47|           1|          47|
    |r_V_23_fu_797_p3    |  Select  |      0|  0|  48|           1|          48|
    |r_V_25_fu_862_p3    |  Select  |      0|  0|  46|           1|          46|
    |r_V_27_fu_903_p3    |  Select  |      0|  0|  47|           1|          47|
    |r_V_29_fu_968_p3    |  Select  |      0|  0|  45|           1|          45|
    |r_V_31_fu_1009_p3   |  Select  |      0|  0|  46|           1|          46|
    |r_V_33_fu_1074_p3   |  Select  |      0|  0|  44|           1|          44|
    |r_V_35_fu_1115_p3   |  Select  |      0|  0|  45|           1|          45|
    |r_V_37_fu_1180_p3   |  Select  |      0|  0|  43|           1|          43|
    |r_V_39_fu_1221_p3   |  Select  |      0|  0|  44|           1|          44|
    |r_V_3_fu_282_p3     |  Select  |      0|  0|  52|           1|          52|
    |r_V_41_fu_1286_p3   |  Select  |      0|  0|  42|           1|          42|
    |r_V_43_fu_1327_p3   |  Select  |      0|  0|  43|           1|          43|
    |r_V_45_fu_1392_p3   |  Select  |      0|  0|  41|           1|          41|
    |r_V_47_fu_1433_p3   |  Select  |      0|  0|  42|           1|          42|
    |r_V_49_fu_1498_p3   |  Select  |      0|  0|  40|           1|          40|
    |r_V_51_fu_1539_p3   |  Select  |      0|  0|  41|           1|          41|
    |r_V_53_fu_1604_p3   |  Select  |      0|  0|  39|           1|          39|
    |r_V_55_fu_1645_p3   |  Select  |      0|  0|  40|           1|          40|
    |r_V_57_fu_1710_p3   |  Select  |      0|  0|  38|           1|          38|
    |r_V_59_fu_1751_p3   |  Select  |      0|  0|  39|           1|          39|
    |r_V_5_fu_336_p3     |  Select  |      0|  0|  51|           1|          51|
    |r_V_61_fu_1816_p3   |  Select  |      0|  0|  37|           1|          37|
    |r_V_63_fu_1857_p3   |  Select  |      0|  0|  38|           1|          38|
    |r_V_65_fu_1922_p3   |  Select  |      0|  0|  36|           1|          36|
    |r_V_67_fu_1963_p3   |  Select  |      0|  0|  37|           1|          37|
    |r_V_69_fu_2028_p3   |  Select  |      0|  0|  35|           1|          35|
    |r_V_71_fu_2069_p3   |  Select  |      0|  0|  36|           1|          36|
    |r_V_73_fu_2134_p3   |  Select  |      0|  0|  34|           1|          34|
    |r_V_75_fu_2175_p3   |  Select  |      0|  0|  35|           1|          35|
    |r_V_77_fu_2240_p3   |  Select  |      0|  0|  33|           1|          33|
    |r_V_79_fu_2291_p3   |  Select  |      0|  0|  34|           1|          34|
    |r_V_7_fu_377_p3     |  Select  |      0|  0|  52|           1|          52|
    |r_V_81_fu_2338_p3   |  Select  |      0|  0|  32|           1|          32|
    |r_V_83_fu_2380_p3   |  Select  |      0|  0|  33|           1|          33|
    |r_V_85_fu_2427_p3   |  Select  |      0|  0|  32|           1|           1|
    |r_V_87_fu_2470_p3   |  Select  |      0|  0|  33|           1|           1|
    |r_V_89_fu_2517_p3   |  Select  |      0|  0|  32|           1|           1|
    |r_V_91_fu_2560_p3   |  Select  |      0|  0|  33|           1|           1|
    |r_V_93_fu_2607_p3   |  Select  |      0|  0|  32|           1|           1|
    |r_V_95_fu_2650_p3   |  Select  |      0|  0|  33|           1|           1|
    |r_V_97_fu_2697_p3   |  Select  |      0|  0|  32|           1|           1|
    |r_V_99_fu_2740_p3   |  Select  |      0|  0|  33|           1|           1|
    |r_V_9_fu_438_p3     |  Select  |      0|  0|  50|           1|          50|
    |r_V_fu_185_p3       |  Select  |      0|  0|  53|           1|          53|
    |r_V_s_fu_207_p3     |  Select  |      0|  0|  52|           1|          52|
    +--------------------+----------+-------+---+----+------------+------------+
    |Total               |          |      0|  0|8418|        3406|        7757|
    +--------------------+----------+-------+---+----+------------+------------+

    * Multiplexer: 
    N/A

    * Register: 
    +---------------------------+----+-----+-----------+
    |            Name           | FF | Bits| Const Bits|
    +---------------------------+----+-----+-----------+
    |tmp_100_reg_3931           |   1|    1|          0|
    |tmp_102_reg_3942           |   1|    1|          0|
    |tmp_10_reg_3474            |  32|   32|          0|
    |tmp_11_reg_3480            |  32|   32|          0|
    |tmp_12_reg_3492            |  32|   32|          0|
    |tmp_13_reg_3498            |  32|   32|          0|
    |tmp_14_reg_3510            |  32|   32|          0|
    |tmp_15_reg_3516            |  32|   32|          0|
    |tmp_16_reg_3528            |  32|   32|          0|
    |tmp_17_reg_3534            |  32|   32|          0|
    |tmp_18_reg_3546            |  32|   32|          0|
    |tmp_19_reg_3552            |  32|   32|          0|
    |tmp_1_reg_3386             |  32|   32|          0|
    |tmp_20_reg_3564            |  32|   32|          0|
    |tmp_21_reg_3570            |  32|   32|          0|
    |tmp_22_reg_3582            |  32|   32|          0|
    |tmp_23_reg_3588            |  32|   32|          0|
    |tmp_24_reg_3600            |  32|   32|          0|
    |tmp_25_reg_3606            |  32|   32|          0|
    |tmp_26_reg_3618            |  32|   32|          0|
    |tmp_27_reg_3624            |  32|   32|          0|
    |tmp_28_reg_3636            |  32|   32|          0|
    |tmp_29_reg_3642            |  32|   32|          0|
    |tmp_2_reg_3391             |  32|   32|          0|
    |tmp_30_reg_3654            |  32|   32|          0|
    |tmp_31_reg_3660            |  32|   32|          0|
    |tmp_32_reg_3672            |  32|   32|          0|
    |tmp_33_reg_3678            |  32|   32|          0|
    |tmp_34_reg_3690            |  32|   32|          0|
    |tmp_35_reg_3696            |  32|   32|          0|
    |tmp_36_reg_3708            |  32|   32|          0|
    |tmp_37_reg_3714            |  32|   32|          0|
    |tmp_38_reg_3726            |  32|   32|          0|
    |tmp_39_reg_3732            |  32|   32|          0|
    |tmp_3_reg_3402             |  32|   32|          0|
    |tmp_40_reg_3947            |  32|   32|          0|
    |tmp_4_reg_3408             |  32|   32|          0|
    |tmp_5_reg_3444             |  32|   32|          0|
    |tmp_62_reg_3380            |   1|    1|          0|
    |tmp_65_reg_3396            |   1|    1|          0|
    |tmp_66_reg_3414            |   1|    1|          0|
    |tmp_69_reg_3432            |   1|    1|          0|
    |tmp_6_reg_3456             |  32|   32|          0|
    |tmp_70_reg_3450            |   1|    1|          0|
    |tmp_73_reg_3468            |   1|    1|          0|
    |tmp_74_reg_3486            |   1|    1|          0|
    |tmp_77_reg_3504            |   1|    1|          0|
    |tmp_78_reg_3522            |   1|    1|          0|
    |tmp_79_reg_3540            |   1|    1|          0|
    |tmp_7_reg_3420             |  32|   32|          0|
    |tmp_80_reg_3558            |   1|    1|          0|
    |tmp_81_reg_3576            |   1|    1|          0|
    |tmp_82_reg_3594            |   1|    1|          0|
    |tmp_83_reg_3612            |   1|    1|          0|
    |tmp_84_reg_3630            |   1|    1|          0|
    |tmp_85_reg_3648            |   1|    1|          0|
    |tmp_86_reg_3666            |   1|    1|          0|
    |tmp_87_reg_3684            |   1|    1|          0|
    |tmp_88_reg_3702            |   1|    1|          0|
    |tmp_89_reg_3720            |   1|    1|          0|
    |tmp_8_reg_3426             |  32|   32|          0|
    |tmp_90_reg_3751            |   1|    1|          0|
    |tmp_91_reg_3769            |   1|    1|          0|
    |tmp_92_reg_3787            |   1|    1|          0|
    |tmp_93_reg_3805            |   1|    1|          0|
    |tmp_94_reg_3823            |   1|    1|          0|
    |tmp_95_reg_3841            |   1|    1|          0|
    |tmp_96_reg_3859            |   1|    1|          0|
    |tmp_97_reg_3877            |   1|    1|          0|
    |tmp_98_reg_3895            |   1|    1|          0|
    |tmp_99_reg_3913            |   1|    1|          0|
    |tmp_9_reg_3462             |  32|   32|          0|
    |tmp_s_reg_3438             |  32|   32|          0|
    |x_iteration_V_10_reg_3919  |  32|   32|          0|
    |x_iteration_V_11_reg_3952  |  32|   32|          0|
    |x_iteration_V_1_reg_3757   |  32|   32|          0|
    |x_iteration_V_2_reg_3775   |  32|   32|          0|
    |x_iteration_V_3_reg_3793   |  32|   32|          0|
    |x_iteration_V_4_reg_3811   |  32|   32|          0|
    |x_iteration_V_5_reg_3829   |  32|   32|          0|
    |x_iteration_V_6_reg_3847   |  32|   32|          0|
    |x_iteration_V_7_reg_3865   |  32|   32|          0|
    |x_iteration_V_8_reg_3883   |  32|   32|          0|
    |x_iteration_V_9_reg_3901   |  32|   32|          0|
    |x_iteration_V_reg_3738     |  32|   32|          0|
    |yo_V_10_reg_3925           |  32|   32|          0|
    |yo_V_11_reg_3937           |  32|   32|          0|
    |yo_V_1_reg_3763            |  32|   32|          0|
    |yo_V_2_reg_3781            |  32|   32|          0|
    |yo_V_3_reg_3799            |  32|   32|          0|
    |yo_V_4_reg_3817            |  32|   32|          0|
    |yo_V_5_reg_3835            |  32|   32|          0|
    |yo_V_6_reg_3853            |  32|   32|          0|
    |yo_V_7_reg_3871            |  32|   32|          0|
    |yo_V_8_reg_3889            |  32|   32|          0|
    |yo_V_9_reg_3907            |  32|   32|          0|
    |yo_V_reg_3744              |  32|   32|          0|
    +---------------------------+----+-----+-----------+
    |Total                      |2112| 2112|          0|
    +---------------------------+----+-----+-----------+



================================================================
== Interface
================================================================
* Summary: 
+-----------+-----+-----+---------+--------------+--------------+
| RTL Ports | Dir | Bits| Protocol| Source Object|    C Type    |
+-----------+-----+-----+---------+--------------+--------------+
|ap_clk     |  in |    1|        -|  cordic_sqrt | return value |
|ap_rst     |  in |    1|        -|  cordic_sqrt | return value |
|ap_return  | out |   32|        -|  cordic_sqrt | return value |
|ap_ce      |  in |    1|        -|  cordic_sqrt | return value |
|x_V        |  in |   32| ap_none |      x_V     |    scalar    |
|y_V        |  in |   32| ap_none |      y_V     |    scalar    |
+-----------+-----+-----+---------+--------------+--------------+

